local	hash	isohash	family	result	clauses	variables	bytes	cls1	cls2	cls3	cls4	cls5	cls6	cls7	cls8	cls9	cls10p	horn	invhorn	positive	negative
/nfs/share/instances/gbd/cnf/00063d88244921d6ec46aeab6866a8e2-6s16.cnf.xz	00063d88244921d6ec46aeab6866a8e2	d642ae7fc5e1fd972d4b130407ea4519	miter	unsat	91888	31486	1503071	1	61258	30629	0	0	0	0	0	0	0	68623	47944	13315	36581
/nfs/share/instances/gbd/cnf/00072cf107ae1349c8c59a15c5ce4af1-unif-c1275-v300-s428434218.cnf.xz	00072cf107ae1349c8c59a15c5ce4af1	1ef05341ba4017bd107a9b2aa6bb2841	uniform-random	unknown	1275	300	18322	0	0	1275	0	0	0	0	0	0	0	624	651	176	156
/nfs/share/instances/gbd/cnf/00076733bdbce94d7e44eca84f1425f0-vlsat2_16297_1562268.dimacs.cnf.xz	00076733bdbce94d7e44eca84f1425f0	a10da8b861b1e1a1a17af27060e94f6e	petrinet-concurrency	unsat	1562268	16297	22875440	1	1561890	1	1	1	1	1	1	1	370	1561890	379	379	1561889
/nfs/share/instances/gbd/cnf/000781b7a545fe723159e53127aff659-42-121369.cnf.xz	000781b7a545fe723159e53127aff659	8bf4adb12d796e486a0915ecd7dce20f	station-repacking	unknown	653485	28135	10044450	3	652176	1	1	4	2	0	9	4	1285	652179	1309	1309	652176
/nfs/share/instances/gbd/cnf/000a41cdca43be89ed62ea3abf2d0b64-snw_13_9_pre.cnf.xz	000a41cdca43be89ed62ea3abf2d0b64	bb3b6ceaeee2d5e9fd8e1066389a8a94	sorting-networks	sat	830517	24517	16343754	0	101968	544762	183690	0	0	6	0	0	91	680173	110547	4244	58680
/nfs/share/instances/gbd/cnf/000e4e0db67e27083649c20a2a3f761b-unif-k5-r16.0-v250000-c4000000-S2840568844400290198.cnf.xz	000e4e0db67e27083649c20a2a3f761b	0e00b2eed7d862a9322e74aff1d2eb36	uniform-random	sat	4000000	250000	149104452	0	0	0	0	4000000	0	0	0	0	0	749155	750175	125491	124936
/nfs/share/instances/gbd/cnf/00107d84f57e2371476a7b2cabe0b351-sudoku-N30-18.cnf.xz	00107d84f57e2371476a7b2cabe0b351	74869413385b1be800a65bb6252cd90d	sudoku	unsat	2262659	841990	45772665	657	1531740	521614	101500	774	17280	0	0	89064	30	2031366	882190	106057	804300
/nfs/share/instances/gbd/cnf/001304ba2e4e8adbd179aa3d8acb697b-x9-03065.sat.sanitized.cnf.xz	001304ba2e4e8adbd179aa3d8acb697b	1d8c6a1369f306c697207991a8fd752a	hamiltonian	unknown	1347	150	15136	0	1227	0	27	66	27	0	0	0	0	1227	120	120	1227
/nfs/share/instances/gbd/cnf/001344c9b3cb1626af1c7c35155cf26a-bench_13439.smt2.cnf.xz	001344c9b3cb1626af1c7c35155cf26a	72b1b54fb940ce8eb1855bbcd8d4a750	agile	unsat	4751686	1313245	108797045	1572	1204899	3468194	76938	1	0	3	55	0	24	2099472	3332928	706329	703153
/nfs/share/instances/gbd/cnf/0020aa0c69379226948904ad455b6c09-unif-k7-r89-v45-c4005-S179716588-02.UNSAT.shuffled.cnf.xz	0020aa0c69379226948904ad455b6c09	7a6379702cd1a466bc7855c1fd39c502	uniform-random	unsat	4005	45	99357	0	0	0	0	0	0	4005	0	0	0	231	265	38	36
/nfs/share/instances/gbd/cnf/00213e27dabcf679205144f3dde5d37e-unif-p12-k5-r21.117-v250-c5279-S8618839184587418381.cnf.xz	00213e27dabcf679205144f3dde5d37e	0afa13deb8144c4a2a366fc314fed25a	uniform-random	sat	5279	250	117580	0	0	0	0	5279	0	0	0	0	0	1007	1018	171	174
/nfs/share/instances/gbd/cnf/0022f125b13bd7ccc91e793431c67a52-Kakuro-easy-048-ext.xml.hg_4.cnf.xz	0022f125b13bd7ccc91e793431c67a52	f29b0ffa0d1e3681bd2df2ad53f73afa	hypertree-decomposition	sat	2786994	41874	64056109	84	60438	1164744	1561728	0	0	0	0	0	0	1918728	341670	3738	11760
/nfs/share/instances/gbd/cnf/0025a06f00f6e467f7cf4ef9e649b2a7-bench_15721.smt2.cnf.xz	0025a06f00f6e467f7cf4ef9e649b2a7	d702bb664671ea32cfe33b04ed2acf99	agile	unknown	297058	84922	5481082	389	113715	170502	12452	0	0	0	0	0	0	170810	167913	98498	24262
/nfs/share/instances/gbd/cnf/00260e67c792062bc3e10e6b94522101-46-137775.cnf.xz	00260e67c792062bc3e10e6b94522101	b43d7a0abfd9b9ecc7c8cdf07df14242	station-repacking	unknown	889030	32971	13747752	3	887493	1	1	5	2	0	9	5	1511	887496	1537	1537	887493
/nfs/share/instances/gbd/cnf/0026aaf8bbf2df73cb5db34a7b7a7a04-42-132768.cnf.xz	0026aaf8bbf2df73cb5db34a7b7a7a04	d7f6183466dc80f719aed63fec0707bc	station-repacking	unknown	809889	31450	12500681	3	808422	1	1	4	2	0	9	4	1443	808425	1467	1467	808422
/nfs/share/instances/gbd/cnf/00274d0721d26f867b2573377712cac9-27.smt2.cnf.xz	00274d0721d26f867b2573377712cac9	a98b53d0f8f0e2f592db32ad49a13198	bitvector	sat	284554	89850	5017384	47	147954	136553	0	0	0	0	0	0	0	204797	142502	40947	89461
/nfs/share/instances/gbd/cnf/00275f3018d50ba38867268739dfc44f-x9-04058.sat.sanitized.cnf.xz	00275f3018d50ba38867268739dfc44f	fb9c4b5fc1c151737b9bf2544bafbc56	hamiltonian	unknown	1795	200	20873	0	1635	0	35	90	35	0	0	0	0	1635	160	160	1635
/nfs/share/instances/gbd/cnf/002a0330958a14deb23dcc84b5489e8a-traffic_f_unknown.cnf.xz	002a0330958a14deb23dcc84b5489e8a	227779ac538cd3a2c78c6ff3d8cad235	scheduling	unsat	763101	33320	19183036	0	52598	92683	617820	0	0	0	0	0	0	93867	93869	5067	5076
/nfs/share/instances/gbd/cnf/002bed2572e6e326815e674f288de8b4-fdmus_b21_341.cnf.xz	002bed2572e6e326815e674f288de8b4	7a0032b8aad3b21cda036a79caa5f6eb	fdmus	unsat	7704	2823	106592	6	5334	2364	0	0	0	0	0	0	0	5955	4611	733	2477
/nfs/share/instances/gbd/cnf/003154fc91d34d29ec5cf93b0bc32143-54-78879.cnf.xz	003154fc91d34d29ec5cf93b0bc32143	3918389491f1e0424a221e5a508d30ff	station-repacking	unknown	320248	18477	4839266	3	319392	1	1	2	1	0	7	1	840	319395	856	856	319392
/nfs/share/instances/gbd/cnf/00316e383123773ae35d3210f5396205-x9-11064.sat.sanitized.cnf.xz	00316e383123773ae35d3210f5396205	9368b98845a0f9d0557d536ab072e400	hamiltonian	unknown	4940	550	61464	0	4500	0	100	240	100	0	0	0	0	4500	440	440	4500
/nfs/share/instances/gbd/cnf/0033baadbd48d3f880e9b5a733bd4950-rope_0030.shuffled.cnf.xz	0033baadbd48d3f880e9b5a733bd4950	767c3e4149c9da1265bdfdb3e1526766	coloring	unsat	2520	1080	29236	0	2160	360	0	0	0	0	0	0	0	1810	1772	562	628
/nfs/share/instances/gbd/cnf/0035666407d4ccb5082630045d60a5fe-unif-k5-r21.117-v300-c6335-S7321118839272301463.cnf.xz	0035666407d4ccb5082630045d60a5fe	dbcbcc0d7ada0bf52960d506ac2fdfc7	uniform-random	unknown	6335	300	143385	0	0	0	0	6335	0	0	0	0	0	1173	1231	221	195
/nfs/share/instances/gbd/cnf/0038cea06eae4c3234b7bb65d9a8497c-unif-k7-r89-v65-c5785-S709270457-007.cnf.xz	0038cea06eae4c3234b7bb65d9a8497c	9ad8991134b4b8fce5115a69f27fb3e6	uniform-random	sat	5785	65	146422	0	0	0	0	0	0	5785	0	0	0	381	384	38	40
/nfs/share/instances/gbd/cnf/003a77d2aa15a5f93aa2cfe79b986c9e-fclqcolor-20-15-15.shuffled-as.sat05-1270.cnf.xz	003a77d2aa15a5f93aa2cfe79b986c9e	52b4b2deffe6f3a04cde483bc0665f3a	coloring	sat	49835	790	718484	0	7050	42750	0	0	0	0	0	0	35	24809	28599	7950	5980
/nfs/share/instances/gbd/cnf/003de2086be59a5fb7a7aaad0992cf47-x9-07025.sat.sanitized.cnf.xz	003de2086be59a5fb7a7aaad0992cf47	b4980faa72567edd1a8724e53088db1d	hamiltonian	unknown	3146	350	38238	0	2866	0	66	148	66	0	0	0	0	2866	280	280	2866
/nfs/share/instances/gbd/cnf/003deabca05a76f3ee449221a80d8b62-42-127629.cnf.xz	003deabca05a76f3ee449221a80d8b62	b3577d5a29c8de66ba0ef905fbaf8d01	station-repacking	unknown	746852	30142	11511107	3	745448	1	1	4	2	0	9	4	1380	745451	1404	1404	745448
/nfs/share/instances/gbd/cnf/0041051c73dcdd885d412a38e8b09fba-rphp4_065_shuffled.cnf.xz	0041051c73dcdd885d412a38e8b09fba	1731a457fce065a6a758b224839f45ee	relativized-pigeon-hole	unsat	6959	520	128602	0	650	0	6305	0	0	0	0	0	4	2235	2499	514	425
/nfs/share/instances/gbd/cnf/0041f01bcd7d0d1f9541cea6da79ad57-SGI_30_60_24_40_2-dir.shuffled-as.sat03-118.cnf.xz	0041f01bcd7d0d1f9541cea6da79ad57	dbc0536d387cedf9d93e2cba738a15d5	subgraph-isomorphism	unsat	58758	720	628649	0	58734	0	0	0	0	0	0	0	24	42651	45366	16083	13368
/nfs/share/instances/gbd/cnf/0042a627dfba7daa62d6ce175540c8a2-unif-k3-r4.267-v12200-c52057-S523604335245593178.cnf.xz	0042a627dfba7daa62d6ce175540c8a2	00e84d0fce166b24a60e3ea4f0c39069	uniform-random	sat	52057	12200	977220	0	0	52057	0	0	0	0	0	0	0	26040	26017	6415	6474
/nfs/share/instances/gbd/cnf/0043cfdde474fa37dfeb5ce5952d22f6-unif-c2520-v600-s1111033636.cnf.xz	0043cfdde474fa37dfeb5ce5952d22f6	e572d26645b1d19679631b2bd1f73955	uniform-random	unknown	2520	600	37574	0	0	2520	0	0	0	0	0	0	0	1229	1291	322	277
/nfs/share/instances/gbd/cnf/0049919cdf9556bfda5bb365af72414c-57-124044.cnf.xz	0049919cdf9556bfda5bb365af72414c	8bae8be4a4a1f4f09aaa6ddcf82a8c96	station-repacking	unknown	759017	30582	11708401	3	757588	2	1	5	3	0	9	3	1403	757591	1429	1429	757588
/nfs/share/instances/gbd/cnf/004b0f451f7d96f6a572e9e76360f51a-spg_420_280.cnf.xz	004b0f451f7d96f6a572e9e76360f51a	8614f82909dc0eaab513724a4ecf9835	cellular-automata	unsat	3463100	674643	93154305	0	602493	1466473	829493	549907	14734	0	0	0	0	1646404	1342905	237160	528240
/nfs/share/instances/gbd/cnf/005093e294b0ed0f7b23f341ff68968b-55-115476.cnf.xz	005093e294b0ed0f7b23f341ff68968b	b21f609b4df1cc4005ff03168b39dddd	station-repacking	unknown	610850	27075	9370661	3	609591	1	1	4	2	0	9	5	1234	609594	1259	1259	609591
/nfs/share/instances/gbd/cnf/00547b9476397463c8220560aeeea086-bench_3250.smt2.cnf.xz	00547b9476397463c8220560aeeea086	7048a928cf30d19ea90bf3d1226af0b1	agile	sat	237920	66184	4569860	27	66447	166371	5069	0	0	0	4	0	2	115955	156700	45445	29596
/nfs/share/instances/gbd/cnf/005522cf558f9b77ed345a289384e191-unif-k3-r4.25-v420-c1785-S1394036608-091.cnf.xz	005522cf558f9b77ed345a289384e191	0b4af51b741fbb14bd00344a0cf306d5	uniform-random	unknown	1785	420	26281	0	0	1785	0	0	0	0	0	0	0	880	905	249	213
/nfs/share/instances/gbd/cnf/00597fb425e994af7a9d224ef4d09fc4-41-118813.cnf.xz	00597fb425e994af7a9d224ef4d09fc4	3e16c3107f0876b1db6dc13f179964a2	station-repacking	unknown	679195	28641	10451926	3	677864	1	1	4	2	0	8	4	1308	677867	1331	1331	677864
/nfs/share/instances/gbd/cnf/0059d4b1cf79efbc6e6ed50caee0448e-4col220_9_1.shuffled.cnf.xz	0059d4b1cf79efbc6e6ed50caee0448e	5865199aa84abc74c6a4626dae53555a	coloring	sat	3966	440	75241	6	0	0	3960	0	0	0	0	0	0	1208	1208	228	226
/nfs/share/instances/gbd/cnf/005ccb378ced61c02105ed7ee0a62038-mm-2x2-5-0-s.1.shuffled-as.sat03-1496.cnf.xz	005ccb378ced61c02105ed7ee0a62038	9cc1026828eb0c34c158572ced7530ad	matrix-multiplication	unsat	32000	60	880640	0	0	0	0	1944	0	22680	0	2160	5216	1383	2290	403	219
/nfs/share/instances/gbd/cnf/005d76c0f37b33d8b752f7ebdd157a99-x9-05041.sat.sanitized.cnf.xz	005d76c0f37b33d8b752f7ebdd157a99	0075735c23a69c9898351ac443af5d3c	hamiltonian	unknown	2253	250	26806	0	2053	0	53	94	53	0	0	0	0	2053	200	200	2053
/nfs/share/instances/gbd/cnf/00613b57720df18bec8d8dc68dc57a7b-51-135677.cnf.xz	00613b57720df18bec8d8dc68dc57a7b	bf482e8e134f686cb8d57bb4f1aa6799	station-repacking	unknown	756640	30429	11668943	3	755221	2	1	4	2	0	10	5	1392	755224	1419	1419	755221
/nfs/share/instances/gbd/cnf/006282ac3d0013b911249d14c326f53d-bench_5908.smt2.cnf.xz	006282ac3d0013b911249d14c326f53d	bd40bcc4daef04707a96e44a4eb0f14a	agile	unsat	16973	4913	263329	30	6865	9391	677	0	0	1	9	0	0	8700	11293	4615	1839
/nfs/share/instances/gbd/cnf/0062dc10471119b9e13da682216b190f-ex179_11.cnf.xz	0062dc10471119b9e13da682216b190f	7e2613987e25c3050afcd89a56b4afc4	tree-decomposition	sat	1735561	127037	36143236	1541	170913	834197	728910	0	0	0	0	0	0	641999	491864	246	46537
/nfs/share/instances/gbd/cnf/0064aa2e16c9d4b18d32a45d3073fce9-desmul.miter.used-as.sat04-330.cnf.xz	0064aa2e16c9d4b18d32a45d3073fce9	1e7e0203228fbd91f74db79d140099fc	miter	unsat	179895	28902	3949720	0	41362	84684	0	53848	0	0	0	0	1	48197	105262	46244	14440
/nfs/share/instances/gbd/cnf/0067d012901f358831afb6d6e5f83767-bench_13811.smt2.cnf.xz	0067d012901f358831afb6d6e5f83767	fbcb811266df25610bba15eddade86fd	agile	sat	1109409	318003	23051079	4748	378833	689156	35764	0	6	23	267	470	142	651300	646869	299664	83353
/nfs/share/instances/gbd/cnf/006be0fb3ae0a75aac0e386c2e6c4669-bench_501.smt2.cnf.xz	006be0fb3ae0a75aac0e386c2e6c4669	71e6e1d39c27648e0bbb09f85e7c3123	agile	sat	179968	50593	3389065	387	51921	123619	3977	0	5	1	50	0	8	89002	117367	36580	22200
/nfs/share/instances/gbd/cnf/006c57c6c09a6e4a4402f1dd264cab15-49-114312.cnf.xz	006c57c6c09a6e4a4402f1dd264cab15	c6d26e830f3069a857bcf1d65abe592e	station-repacking	unknown	615298	27251	9443678	3	614033	1	1	4	2	0	9	3	1242	614036	1265	1265	614033
/nfs/share/instances/gbd/cnf/006cc1f4e081e7fd96a50a2171792f21-54-87110.cnf.xz	006cc1f4e081e7fd96a50a2171792f21	dfd70d15b08fede08d51912e1b1341f5	station-repacking	unknown	349879	19672	5305900	3	348967	1	1	3	2	0	7	1	894	348970	912	912	348967
/nfs/share/instances/gbd/cnf/006da0e3f4ad5b1ecd3651e66dbea36d-52-89991.cnf.xz	006da0e3f4ad5b1ecd3651e66dbea36d	fb3d274bc265898c6be7acd3a26c97da	station-repacking	unknown	382609	20698	5812542	3	381654	1	0	3	2	0	6	0	940	381657	955	955	381654
/nfs/share/instances/gbd/cnf/006dcf7e3d0fa7c39b0f542ad0ec949e-UNSAT_P_sat_snake_p05.pddl_30.cnf.xz	006dcf7e3d0fa7c39b0f542ad0ec949e	1c04625e0d407e5572a1e49dfcf5bce8	planning	unsat	239054681	449048	4227570344	428	239029886	0	0	0	0	0	59	0	24308	239030314	6106692	196	232948398
/nfs/share/instances/gbd/cnf/006e293dfc476b21c246b963c6eb16b7-bench_2778.smt2.cnf.xz	006e293dfc476b21c246b963c6eb16b7	e783c7abe50390825c521d9adb1ad0f8	agile	sat	112560	32084	2054846	490	36575	72129	3291	0	2	67	2	0	4	62409	68038	28168	10315
/nfs/share/instances/gbd/cnf/0071b624d91ebe408b0585f8c4e34fd9-ctl_4291_567_7_unsat.cnf.xz	0071b624d91ebe408b0585f8c4e34fd9	ab1e93b4ab8be51c40a14b9543dd5c61	scheduling	unsat	154654	17850	3198392	0	32032	38441	84181	0	0	0	0	0	0	47601	47597	3648	3659
/nfs/share/instances/gbd/cnf/0072b0ce5c4ab8386763d10ef88f636e-49-118813.cnf.xz	0072b0ce5c4ab8386763d10ef88f636e	87e7af8fda89223e204d0171229619c4	station-repacking	unknown	648616	28081	9967425	3	647312	1	1	4	2	0	9	3	1281	647315	1304	1304	647312
/nfs/share/instances/gbd/cnf/0072b38614d34eb3c6ffc36aef13ee3a-60-116374.cnf.xz	0072b38614d34eb3c6ffc36aef13ee3a	0130801e6dc199e8b5fcfb813f6f7729	station-repacking	unknown	581068	26375	8913484	3	579843	1	1	3	2	0	8	3	1204	579846	1225	1225	579843
/nfs/share/instances/gbd/cnf/00784e1e1a9ae772aae7f33c1fa5fbe2-unif-k7-r85-v200-c17000-S266028630-005.cnf.xz	00784e1e1a9ae772aae7f33c1fa5fbe2	8152eb558f074c8088470f35bce4ed97	uniform-random	unknown	17000	200	503336	0	0	0	0	0	0	17000	0	0	0	1033	1093	127	131
/nfs/share/instances/gbd/cnf/00847fca81490df01b9e239fd6027378-bench_1614.smt2.cnf.xz	00847fca81490df01b9e239fd6027378	570b13596b34c42f4f21c8830bf2a6c9	agile	sat	87531	25148	1577452	539	27713	56955	2266	0	2	50	4	0	2	46819	54701	20392	9172
/nfs/share/instances/gbd/cnf/0085c7242003811caf4b7eff64022e55-50-121857.cnf.xz	0085c7242003811caf4b7eff64022e55	1a7e89ef52d5a8988ea77b02ed7f30ef	station-repacking	unknown	738915	30116	11391945	3	737512	1	1	4	3	0	8	4	1379	737515	1403	1403	737512
/nfs/share/instances/gbd/cnf/008d1f79eec2b7712637e48aec7a63cd-53-105501.cnf.xz	008d1f79eec2b7712637e48aec7a63cd	1cf53ddb8e63e40181920c3b7980d77d	station-repacking	unknown	536507	25337	8217692	3	535337	1	1	3	2	0	8	2	1150	535340	1170	1170	535337
/nfs/share/instances/gbd/cnf/008d78352c3d630340e6a3ef0d7242d7-54-132166.cnf.xz	008d78352c3d630340e6a3ef0d7242d7	0ad5dd947099af3c0783274dd270672d	station-repacking	unknown	819124	31511	12644081	3	817657	1	1	3	2	0	9	4	1444	817660	1467	1467	817657
/nfs/share/instances/gbd/cnf/008e7716c69009090ff6bd0048dc55f8-SAT_dat.k10.cnf.xz	008e7716c69009090ff6bd0048dc55f8	be2f6ade7fb483507373d03afa16dca9	hardware-verification	unsat	207720	46169	4061570	148	84712	114816	155	294	11	1546	4486	0	1552	139105	127761	26186	20234
/nfs/share/instances/gbd/cnf/008fa3f37db9759dee825665e78e2e80-57-101750.cnf.xz	008fa3f37db9759dee825665e78e2e80	f88f8e340f859815fa59e35258b23019	station-repacking	unknown	471724	23581	7205637	3	470631	1	1	4	2	0	7	2	1073	470634	1093	1093	470631
/nfs/share/instances/gbd/cnf/0091ac9434f528a4007d82d2443d2dc9-ER_500_10_2.apx_2_DS-ST.cnf.xz	0091ac9434f528a4007d82d2443d2dc9	2596746a3a5a1a98e989221c8a2bf134	argumentation	unknown	38698	1002	471615	1	38196	0	0	0	0	0	0	0	501	37696	25799	501	12900
/nfs/share/instances/gbd/cnf/0092f19206d4641caaa3a638914bee3f-51-106342.cnf.xz	0092f19206d4641caaa3a638914bee3f	a0d603e1998e9f10f0f64eb03cfe002b	station-repacking	unknown	517852	24875	7925826	3	516700	1	1	4	2	0	8	2	1131	516703	1152	1152	516700
/nfs/share/instances/gbd/cnf/0094d44002500c187e3c2d07a13bee7c-unif-k3-r4.25-v480-c2040-S926047226-039.cnf.xz	0094d44002500c187e3c2d07a13bee7c	db459329b26cef4c2cbd590442b6b877	uniform-random	unknown	2040	480	30229	0	0	2040	0	0	0	0	0	0	0	1040	1000	254	250
/nfs/share/instances/gbd/cnf/009a4a6c23299b864508393ee726625a-bench_10899.smt2.cnf.xz	009a4a6c23299b864508393ee726625a	f2fb36d7d50cf535e66d9112f7ce8296	agile	unsat	16094	4665	248122	32	6615	8761	676	0	0	1	9	0	0	8342	10448	4740	1729
/nfs/share/instances/gbd/cnf/00a1604721e43896a93b5329e5b38af4-51-127798.cnf.xz	00a1604721e43896a93b5329e5b38af4	0cfbd3c5674cc518ec59cc385f71e49f	station-repacking	unknown	642113	27824	9864572	3	640819	1	1	4	2	0	10	4	1269	640822	1294	1294	640819
/nfs/share/instances/gbd/cnf/00a30fb1c0150fe3d6692afd2b220887-Break_triple_10_16.xml.cnf.xz	00a30fb1c0150fe3d6692afd2b220887	d3bca9554403ba14eb67668c5955d205	scheduling	sat	28686	6443	409067	1	26468	1694	56	0	0	0	0	0	467	26249	11536	2420	15586
/nfs/share/instances/gbd/cnf/00a62eb89afbf27e1addf8f5c437da9b-ortholatin-7.cnf.xz	00a62eb89afbf27e1addf8f5c437da9b	0d70f59e9d0fbac87d26088a5f9a8812	unknown	sat	101038	6076	1497399	0	92610	245	686	0	49	7399	0	0	49	92904	17199	392	76832
/nfs/share/instances/gbd/cnf/00a981f385cd209d41e1efa1f5f29bac-ibm-2004-03-k70.cnf.xz	00a981f385cd209d41e1efa1f5f29bac	cec04e06ad991983108fe7ed0cd92fea	hardware-verification	sat	286405	69839	5158079	951	198973	59577	9369	5495	4414	2725	752	1154	2995	223385	215283	22034	27707
/nfs/share/instances/gbd/cnf/00ae4072f9b57d5d3cfe8919aff1b776-163.smt2.cnf.xz	00ae4072f9b57d5d3cfe8919aff1b776	fc97bd0ec4cb87b2f68aa86ced6b7939	bitvector	sat	4048674	1279524	83539105	121	2134278	1914275	0	0	0	0	0	0	0	2918172	2023057	591068	1298121
/nfs/share/instances/gbd/cnf/00aec3b2e38968bf8a922709e2acfccd-unif-k5-r20-v2000-c40000-S837431592-027-UNKNOWN.cnf.xz	00aec3b2e38968bf8a922709e2acfccd	46e8013cf9d4abccc77ac23ebae90828	uniform-random	unknown	40000	2000	1068581	0	0	0	0	40000	0	0	0	0	0	7520	7570	1278	1219
/nfs/share/instances/gbd/cnf/00aefd1fc30c425075166ca051e57218-barman-pfile10-038.sas.ex.15.cnf.xz	00aefd1fc30c425075166ca051e57218	fdf55e1b02a137ed2884650e1b991092	planning	unsat	976656	430288	404779114	367	552383	125455	22262	8367	10922	7087	3076	2736	244001	552750	854048	367	122608
/nfs/share/instances/gbd/cnf/00b1c27aee52d6dd9e112fa55d4cc1ca-44-133937.cnf.xz	00b1c27aee52d6dd9e112fa55d4cc1ca	97955f61242534e7f83a587498330ff7	station-repacking	unknown	924336	33651	14297924	3	922772	1	1	5	2	0	9	2	1541	922775	1564	1564	922772
/nfs/share/instances/gbd/cnf/00b46ace235e3915a439c77a231a5657-TableSymModel_output_7_3_9.bul_.dimacs.cnf.xz	00b46ace235e3915a439c77a231a5657	ec7ff6e2dc7b5cbfac5fa6bbfbe4121c	social-golfer	sat	70140	7182	1074390	21	55188	13230	1323	0	0	0	0	0	378	68439	5691	399	51219
/nfs/share/instances/gbd/cnf/00b9b467c26540853360491401da61a5-minand064.cnf.xz	00b9b467c26540853360491401da61a5	187460f08c94149081ab81130be5c5ce	bitvector	unsat	42956	14703	653012	2	28636	14318	0	0	0	0	0	0	0	29085	19566	9074	22943
/nfs/share/instances/gbd/cnf/00bb0b4ef28ed38c49de4c54b9fabc4d-25_2.cnf.xz	00bb0b4ef28ed38c49de4c54b9fabc4d	f5a9ab84b535fa44e91b7326cec9e453	cryptography-simon	sat	13792	4128	220677	128	3264	10400	0	0	0	0	0	0	0	6592	10592	65	2463
/nfs/share/instances/gbd/cnf/00bbdbb1bc700e4c4ceb0d6e86e33c23-glassybp-v300-s1496080651.cnf.xz	00bbdbb1bc700e4c4ceb0d6e86e33c23	ed4d7d36d3f248f7bf8cba98c004bd01	glassy-gen	unknown	1400	300	20166	0	0	1400	0	0	0	0	0	0	0	707	693	172	185
/nfs/share/instances/gbd/cnf/00be4c67683c8edeca138279e13942cb-52-139122.cnf.xz	00be4c67683c8edeca138279e13942cb	bd5a63b78505ee1e7a14d0ba36cbbda6	station-repacking	unknown	1090261	36972	16908407	3	1088542	1	1	6	3	0	9	6	1690	1088545	1719	1719	1088542
/nfs/share/instances/gbd/cnf/00be590675417eba2bb2585790ac392d-iso-brn008.shuffled-as.sat05-2933.cnf.xz	00be590675417eba2bb2585790ac392d	5bce323bf7c9cc5fa639c275deeeb53e	quasigroup-completion	sat	10265	1617	172559	118	1120	8577	53	55	57	113	102	16	54	5357	5226	1437	1350
/nfs/share/instances/gbd/cnf/00c4c1dfa04e7cd8b7abc80a4a4f7153-unif-k3-r4.26-v800-c3408-S1536861174-069.SATISFIABLE.cnf.xz	00c4c1dfa04e7cd8b7abc80a4a4f7153	fb641e4d952898b3cd2a4bc89136cfd5	uniform-random	sat	3408	800	51528	0	0	3408	0	0	0	0	0	0	0	1730	1678	404	448
/nfs/share/instances/gbd/cnf/00d0eef039aa1f9cf1cf2647a58fe313-unif-k4-r9.121-v8800-c80265-S4104809886357711891.cnf.xz	00d0eef039aa1f9cf1cf2647a58fe313	50d41e6dc0691f590bb5921dcd7abf7d	uniform-random	unknown	80265	8800	1886067	0	0	0	80265	0	0	0	0	0	0	24973	24974	4934	4957
/nfs/share/instances/gbd/cnf/00d1fe07ab948b348bb3fb423b1ef40d-lec_mult_KvW_12x11.sanitized.cnf.xz	00d1fe07ab948b348bb3fb423b1ef40d	5d3300b44d1cc6cbe479aaa9120248f1	miter	unsat	15159	5068	217479	0	10044	5114	0	0	0	0	0	0	1	10771	7888	2227	6567
/nfs/share/instances/gbd/cnf/00d239e486137a4f7264adb4fb57d5ae-hwb-n24-01-S1048418025.shuffled-as.sat03-1617.cnf.xz	00d239e486137a4f7264adb4fb57d5ae	a207e99f5dcfe500129f591ecbc4568b	miter	unsat	774	162	11405	0	18	452	304	0	0	0	0	0	0	319	328	75	84
/nfs/share/instances/gbd/cnf/00d25e6106c5c09bb5d8d0f7eae7385a-54-106649.cnf.xz	00d25e6106c5c09bb5d8d0f7eae7385a	c8567ebc5cdaea08c7e4796d3759ed84	station-repacking	unknown	550261	25520	8432964	3	549081	1	1	3	2	0	7	4	1159	549084	1180	1180	549081
/nfs/share/instances/gbd/cnf/00d3338cd6cdfa099ff29f036c77d93d-sha256__zeroOut_17__freeIn_21__seed_1.cnf.xz	00d3338cd6cdfa099ff29f036c77d93d	572ec11b1a0c5b64909b3cec9d800157	cryptography	sat	618749	37633	23246918	2813	656	55024	120048	64368	60000	225600	90240	0	0	150221	140485	1343	8230
/nfs/share/instances/gbd/cnf/00d41fe5805aef9e2e3b63e1d9497edf-UNSAT_MS_opt_termes_p15.pddl_139.cnf.xz	00d41fe5805aef9e2e3b63e1d9497edf	19ec4ae0785061b74a5a0afb01fc545b	planning	unknown	1690192	116422	27751134	91	1668139	278	3058	3058	5004	278	5560	278	4448	1668230	953353	23	736907
/nfs/share/instances/gbd/cnf/00d46b1518fddf95bc8ba424e1b5b77d-43-103175.cnf.xz	00d46b1518fddf95bc8ba424e1b5b77d	a1dc58b83217220c28341ad72b0e3adc	station-repacking	unknown	477994	23671	7297070	3	476898	1	1	4	2	0	8	2	1075	476901	1096	1096	476898
/nfs/share/instances/gbd/cnf/00d5f0932042a96518b03e6fd2feaf48-56-115042.cnf.xz	00d5f0932042a96518b03e6fd2feaf48	42341b8aa4f6b19dd940332876db37ea	station-repacking	unknown	646819	27734	9931131	3	645528	1	1	4	2	0	9	3	1268	645531	1291	1291	645528
/nfs/share/instances/gbd/cnf/00d74259dcca2176f1cd561f52bc0326-unif-k6-r43.37-v210-c9108-S5835296729793976499.cnf.xz	00d74259dcca2176f1cd561f52bc0326	018bf9b9f44b687473a6c8619ed01a0a	uniform-random	unknown	9108	210	235273	0	0	0	0	0	9108	0	0	0	0	989	975	142	131
/nfs/share/instances/gbd/cnf/00df199d465391a52fc37b87f81a957f-x9-02052.sat.sanitized.cnf.xz	00df199d465391a52fc37b87f81a957f	83edf5c9db2b40e6234cd41c23398b7e	hamiltonian	unknown	900	100	9337	0	820	0	20	40	20	0	0	0	0	820	80	80	820
/nfs/share/instances/gbd/cnf/00e010712b854966aa56caf9c9dc4696-58-122927.cnf.xz	00e010712b854966aa56caf9c9dc4696	03bf2cec1365befee64db090b55e5c1c	station-repacking	unknown	664974	28356	10231025	3	663656	1	1	3	2	0	9	4	1295	663659	1318	1318	663656
/nfs/share/instances/gbd/cnf/00e1e5a05ed04bcb437bd7fc57a88b7f-unif-k5-r21.3-v100-c2130-S1225022879-08.UNSAT.shuffled.cnf.xz	00e1e5a05ed04bcb437bd7fc57a88b7f	c7469e03c5c0b41ce9587e8a4f2cf998	uniform-random	unsat	2130	100	40408	0	0	0	0	2130	0	0	0	0	0	385	392	67	68
/nfs/share/instances/gbd/cnf/00e289099ea9bcef6a056a8c8ba8a3c0-ndist.b.21497.cnf.xz	00e289099ea9bcef6a056a8c8ba8a3c0	5b42e642bcfcf38ae7330cd2b8f7bdbd	bitvector	sat	386932	279453	7223674	1	257954	128977	0	0	0	0	0	0	0	279450	193469	64488	171968
/nfs/share/instances/gbd/cnf/00e32767bee1894beb0b71867f279d36-48-136923.cnf.xz	00e32767bee1894beb0b71867f279d36	7be8849a6dd0d5ecf129ff7de147769d	station-repacking	unknown	1135889	37961	17624244	3	1134125	2	1	5	3	0	10	5	1735	1134128	1764	1764	1134125
/nfs/share/instances/gbd/cnf/00e45ab8a1baf16155af6e59c3df5dbb-x9-11092.sat.sanitized.cnf.xz	00e45ab8a1baf16155af6e59c3df5dbb	fbd9767b87568fb21925ce9cdc75ef29	hamiltonian	unknown	4950	550	61494	0	4510	0	110	220	110	0	0	0	0	4510	440	440	4510
/nfs/share/instances/gbd/cnf/00e5aac4701e62ae50c9f1504057fce8-bench_10701.smt2.cnf.xz	00e5aac4701e62ae50c9f1504057fce8	59892222332be61cacd06e08943bd5ac	agile	unknown	9720	2816	148223	8	3630	5698	384	0	0	0	0	0	0	5628	5598	2980	749
/nfs/share/instances/gbd/cnf/00e974264f8f9048b68c983f36643115-47-108545.cnf.xz	00e974264f8f9048b68c983f36643115	6992f2cb21e2b75e7bf6742389baa01d	station-repacking	unknown	565820	26093	8672884	3	564612	1	1	4	2	0	8	2	1187	564615	1208	1208	564612
/nfs/share/instances/gbd/cnf/00ec2992d59f85705eb8e1f4f1e01b3d-sgen4-sat-280-8.cnf.xz	00ec2992d59f85705eb8e1f4f1e01b3d	d0e5d8d44a8534076afaec8a6d0f6960	sgen	sat	672	280	8240	0	560	0	0	112	0	0	0	0	0	444	437	142	145
/nfs/share/instances/gbd/cnf/00ecd19c442956ff9a22584fd9bf439e-unif-k3-r4.267-v5200-c22188-S8832663068472759902.cnf.xz	00ecd19c442956ff9a22584fd9bf439e	08820662453c916fb282278a763e244c	uniform-random	unknown	22188	5200	396361	0	0	22188	0	0	0	0	0	0	0	11060	11128	2720	2787
